mode: set
github.com/factly/dega-server/service/podcast/route.go:12.28,19.2 4 1
