// Jest Snapshot v1, https://goo.gl/fbAQLP

exports[`Fact check create component snapshot testing should render the component 1`] = `
<ContextProvider
  value={
    Object {
      "store": Object {
        "clearActions": [Function],
        "dispatch": [MockFunction],
        "getActions": [Function],
        "getState": [Function],
        "replaceReducer": [Function],
        "subscribe": [Function],
      },
      "subscription": Object {
        "addNestedSub": [Function],
        "getListeners": [Function],
        "handleChangeWrapper": [Function],
        "isSubscribed": [Function],
        "notifyNestedSubs": [Function],
        "trySubscribe": [Function],
        "tryUnsubscribe": [Function],
      },
    }
  }
>
  <CreateFactCheck
    formats={
      Object {
        "article": Object {
          "id": 1,
          "name": "article",
          "slug": "article",
        },
        "factcheck": Object {
          "id": 2,
          "name": "factcheck",
          "slug": "fact-check",
        },
        "loading": false,
      }
    }
  />
</ContextProvider>
`;
