// Jest Snapshot v1, https://goo.gl/fbAQLP

exports[`Claims Create Form component snapshot testing should match component with data 1`] = `
<ContextProvider
  value={
    Object {
      "store": Object {
        "clearActions": [Function],
        "dispatch": [Function],
        "getActions": [Function],
        "getState": [Function],
        "replaceReducer": [Function],
        "subscribe": [Function],
      },
      "subscription": Subscription {
        "handleChangeWrapper": [Function],
        "listeners": Object {
          "notify": [Function],
        },
        "onStateChange": [Function],
        "parentSub": undefined,
        "store": Object {
          "clearActions": [Function],
          "dispatch": [Function],
          "getActions": [Function],
          "getState": [Function],
          "replaceReducer": [Function],
          "subscribe": [Function],
        },
        "unsubscribe": null,
      },
    }
  }
>
  <ClaimForm
    data={
      Object {
        "checked_date": "2020-12-12T00:00:00.000Z",
        "claim": "title",
        "claim_date": "2020-12-12T00:00:00.000Z",
        "claim_sources": "claim_sources",
        "claimant": 1,
        "description": Object {
          "blocks": Array [
            Object {
              "data": Object {
                "level": 2,
                "text": "Editor.js",
              },
              "type": "header",
            },
            Object {
              "data": Object {
                "text": "Hey. Meet the new Editor. On this page you can see it in action â€” try to edit this text.",
              },
              "type": "paragraph",
            },
          ],
          "time": 1595747741807,
          "version": "2.18.0",
        },
        "fact": "review",
        "rating": 1,
        "review_sources": "review_sources",
        "review_tag_line": "review_tag_line",
        "slug": "slug",
      }
    }
    onCreate={[MockFunction]}
  />
</ContextProvider>
`;

exports[`Claims Create Form component snapshot testing should render the component 1`] = `
<ContextProvider
  value={
    Object {
      "store": Object {
        "clearActions": [Function],
        "dispatch": [Function],
        "getActions": [Function],
        "getState": [Function],
        "replaceReducer": [Function],
        "subscribe": [Function],
      },
      "subscription": Subscription {
        "handleChangeWrapper": [Function],
        "listeners": Object {
          "notify": [Function],
        },
        "onStateChange": [Function],
        "parentSub": undefined,
        "store": Object {
          "clearActions": [Function],
          "dispatch": [Function],
          "getActions": [Function],
          "getState": [Function],
          "replaceReducer": [Function],
          "subscribe": [Function],
        },
        "unsubscribe": null,
      },
    }
  }
>
  <ClaimForm />
</ContextProvider>
`;
