mode: set
github.com/factly/dega-server/service/fact-check/route.go:15.28,24.2 6 1
github.com/factly/dega-server/service/fact-check/route.go:15.28,24.2 6 1
github.com/factly/dega-server/service/fact-check/route.go:15.28,24.2 6 1
github.com/factly/dega-server/service/fact-check/route.go:15.28,24.2 6 1
