// Jest Snapshot v1, https://goo.gl/fbAQLP

exports[`Header component snapshot testing should render the component 1`] = `
<header
  className="ant-layout-header layout-header"
>
  <div
    style={
      Object {
        "alignItems": "center",
        "display": "flex",
        "justifyContent": "flex-end",
      }
    }
  >
    <div
      className="ant-select ant-select-borderless ant-select-single ant-select-show-arrow"
      onBlur={[Function]}
      onFocus={[Function]}
      onKeyDown={[Function]}
      onKeyUp={[Function]}
      onMouseDown={[Function]}
      style={
        Object {
          "width": "200px",
        }
      }
    >
      <div
        className="ant-select-selector"
        onClick={[Function]}
        onMouseDown={[Function]}
      >
        <span
          className="ant-select-selection-search"
        >
          <input
            aria-activedescendant="rc_select_TEST_OR_SSR_list_0"
            aria-autocomplete="list"
            aria-controls="rc_select_TEST_OR_SSR_list"
            aria-haspopup="listbox"
            aria-owns="rc_select_TEST_OR_SSR_list"
            autoComplete="off"
            className="ant-select-selection-search-input"
            id="rc_select_TEST_OR_SSR"
            onChange={[Function]}
            onCompositionEnd={[Function]}
            onCompositionStart={[Function]}
            onKeyDown={[Function]}
            onMouseDown={[Function]}
            onPaste={[Function]}
            readOnly={true}
            role="combobox"
            style={
              Object {
                "opacity": 0,
              }
            }
            type="search"
            unselectable="on"
            value=""
          />
        </span>
        <span
          className="ant-select-selection-item"
        >
          <div
            style={
              Object {
                "alignItems": "center",
                "display": "flex",
              }
            }
          >
            <span
              className="ant-avatar ant-avatar-sm ant-avatar-square ant-avatar-image"
              style={Object {}}
            >
              <img
                onError={[Function]}
                src="dega.png"
              />
            </span>
            <h3
              style={
                Object {
                  "margin": 0,
                  "marginLeft": "0.5rem",
                }
              }
            >
              Space 11
            </h3>
          </div>
        </span>
      </div>
      <span
        aria-hidden={true}
        className="ant-select-arrow"
        onMouseDown={[Function]}
        style={
          Object {
            "WebkitUserSelect": "none",
            "userSelect": "none",
          }
        }
        unselectable="on"
      >
        <span
          aria-label="down"
          className="anticon anticon-down ant-select-suffix"
          role="img"
        >
          <svg
            aria-hidden="true"
            data-icon="down"
            fill="currentColor"
            focusable="false"
            height="1em"
            viewBox="64 64 896 896"
            width="1em"
          >
            <path
              d="M884 256h-75c-5.1 0-9.9 2.5-12.9 6.6L512 654.2 227.9 262.6c-3-4.1-7.8-6.6-12.9-6.6h-75c-6.5 0-10.3 7.4-6.5 12.7l352.6 486.1c12.8 17.6 39 17.6 51.7 0l352.6-486.1c3.9-5.3.1-12.7-6.4-12.7z"
            />
          </svg>
        </span>
      </span>
    </div>
    <div
      className="ant-divider ant-divider-vertical"
      role="separator"
    />
    <span
      aria-label="appstore"
      className="anticon anticon-appstore"
      onClick={[Function]}
      onMouseDown={[Function]}
      onTouchStart={[Function]}
      role="img"
      tabIndex={-1}
    >
      <svg
        aria-hidden="true"
        data-icon="appstore"
        fill="currentColor"
        focusable="false"
        height="1em"
        viewBox="64 64 896 896"
        width="1em"
      >
        <path
          d="M464 144H160c-8.8 0-16 7.2-16 16v304c0 8.8 7.2 16 16 16h304c8.8 0 16-7.2 16-16V160c0-8.8-7.2-16-16-16zm-52 268H212V212h200v200zm452-268H560c-8.8 0-16 7.2-16 16v304c0 8.8 7.2 16 16 16h304c8.8 0 16-7.2 16-16V160c0-8.8-7.2-16-16-16zm-52 268H612V212h200v200zM464 544H160c-8.8 0-16 7.2-16 16v304c0 8.8 7.2 16 16 16h304c8.8 0 16-7.2 16-16V560c0-8.8-7.2-16-16-16zm-52 268H212V612h200v200zm452-268H560c-8.8 0-16 7.2-16 16v304c0 8.8 7.2 16 16 16h304c8.8 0 16-7.2 16-16V560c0-8.8-7.2-16-16-16zm-52 268H612V612h200v200z"
        />
      </svg>
    </span>
    <div
      className="ant-divider ant-divider-vertical"
      role="separator"
    />
    <div
      className="ant-dropdown-trigger user-menu"
      onMouseEnter={[Function]}
      onMouseLeave={[Function]}
    >
      <button
        className="ant-btn ant-btn-default"
        onClick={[Function]}
        style={
          Object {
            "alignItems": "center",
            "borderRadius": "50px",
            "display": "flex",
            "justifyContent": "center",
            "padding": "0.5rem",
          }
        }
        type="button"
      >
        <span
          aria-label="user"
          className="anticon anticon-user"
          role="img"
          style={
            Object {
              "fontSize": "1.25rem",
              "padding": "0.25rem",
            }
          }
          title="Spaces"
        >
          <svg
            aria-hidden="true"
            data-icon="user"
            fill="currentColor"
            focusable="false"
            height="1em"
            viewBox="64 64 896 896"
            width="1em"
          >
            <path
              d="M858.5 763.6a374 374 0 00-80.6-119.5 375.63 375.63 0 00-119.5-80.6c-.4-.2-.8-.3-1.2-.5C719.5 518 760 444.7 760 362c0-137-111-248-248-248S264 225 264 362c0 82.7 40.5 156 102.8 201.1-.4.2-.8.3-1.2.5-44.8 18.9-85 46-119.5 80.6a375.63 375.63 0 00-80.6 119.5A371.7 371.7 0 00136 901.8a8 8 0 008 8.2h60c4.4 0 7.9-3.5 8-7.8 2-77.2 33-149.5 87.8-204.3 56.7-56.7 132-87.9 212.2-87.9s155.5 31.2 212.2 87.9C779 752.7 810 825 812 902.2c.1 4.4 3.6 7.8 8 7.8h60a8 8 0 008-8.2c-1-47.8-10.9-94.3-29.5-138.2zM512 534c-45.9 0-89.1-17.9-121.6-50.4S340 407.9 340 362c0-45.9 17.9-89.1 50.4-121.6S466.1 190 512 190s89.1 17.9 121.6 50.4S684 316.1 684 362c0 45.9-17.9 89.1-50.4 121.6S557.9 534 512 534z"
            />
          </svg>
        </span>
        <span
          aria-label="down"
          className="anticon anticon-down"
          role="img"
          style={
            Object {
              "fontSize": "0.5rem",
              "marginLeft": "0.25rem",
            }
          }
        >
          <svg
            aria-hidden="true"
            data-icon="down"
            fill="currentColor"
            focusable="false"
            height="1em"
            viewBox="64 64 896 896"
            width="1em"
          >
            <path
              d="M884 256h-75c-5.1 0-9.9 2.5-12.9 6.6L512 654.2 227.9 262.6c-3-4.1-7.8-6.6-12.9-6.6h-75c-6.5 0-10.3 7.4-6.5 12.7l352.6 486.1c12.8 17.6 39 17.6 51.7 0l352.6-486.1c3.9-5.3.1-12.7-6.4-12.7z"
            />
          </svg>
        </span>
      </button>
    </div>
  </div>
</header>
`;

exports[`Header component snapshot testing should render the component with no applications 1`] = `
<header
  className="ant-layout-header layout-header"
>
  <div
    style={
      Object {
        "alignItems": "center",
        "display": "flex",
        "justifyContent": "flex-end",
      }
    }
  >
    <div
      className="ant-select ant-select-borderless ant-select-single ant-select-show-arrow"
      onBlur={[Function]}
      onFocus={[Function]}
      onKeyDown={[Function]}
      onKeyUp={[Function]}
      onMouseDown={[Function]}
      style={
        Object {
          "width": "200px",
        }
      }
    >
      <div
        className="ant-select-selector"
        onClick={[Function]}
        onMouseDown={[Function]}
      >
        <span
          className="ant-select-selection-search"
        >
          <input
            aria-activedescendant="rc_select_TEST_OR_SSR_list_0"
            aria-autocomplete="list"
            aria-controls="rc_select_TEST_OR_SSR_list"
            aria-haspopup="listbox"
            aria-owns="rc_select_TEST_OR_SSR_list"
            autoComplete="off"
            className="ant-select-selection-search-input"
            id="rc_select_TEST_OR_SSR"
            onChange={[Function]}
            onCompositionEnd={[Function]}
            onCompositionStart={[Function]}
            onKeyDown={[Function]}
            onMouseDown={[Function]}
            onPaste={[Function]}
            readOnly={true}
            role="combobox"
            style={
              Object {
                "opacity": 0,
              }
            }
            type="search"
            unselectable="on"
            value=""
          />
        </span>
        <span
          className="ant-select-selection-item"
        >
          <div
            style={
              Object {
                "alignItems": "center",
                "display": "flex",
              }
            }
          >
            <span
              className="ant-avatar ant-avatar-sm ant-avatar-square ant-avatar-image"
              style={Object {}}
            >
              <img
                onError={[Function]}
                src="dega.png"
              />
            </span>
            <h3
              style={
                Object {
                  "margin": 0,
                  "marginLeft": "0.5rem",
                }
              }
            >
              Space 11
            </h3>
          </div>
        </span>
      </div>
      <span
        aria-hidden={true}
        className="ant-select-arrow"
        onMouseDown={[Function]}
        style={
          Object {
            "WebkitUserSelect": "none",
            "userSelect": "none",
          }
        }
        unselectable="on"
      >
        <span
          aria-label="down"
          className="anticon anticon-down ant-select-suffix"
          role="img"
        >
          <svg
            aria-hidden="true"
            data-icon="down"
            fill="currentColor"
            focusable="false"
            height="1em"
            viewBox="64 64 896 896"
            width="1em"
          >
            <path
              d="M884 256h-75c-5.1 0-9.9 2.5-12.9 6.6L512 654.2 227.9 262.6c-3-4.1-7.8-6.6-12.9-6.6h-75c-6.5 0-10.3 7.4-6.5 12.7l352.6 486.1c12.8 17.6 39 17.6 51.7 0l352.6-486.1c3.9-5.3.1-12.7-6.4-12.7z"
            />
          </svg>
        </span>
      </span>
    </div>
    <div
      className="ant-divider ant-divider-vertical"
      role="separator"
    />
    <div
      className="ant-dropdown-trigger user-menu"
      onMouseEnter={[Function]}
      onMouseLeave={[Function]}
    >
      <button
        className="ant-btn ant-btn-default"
        onClick={[Function]}
        style={
          Object {
            "alignItems": "center",
            "borderRadius": "50px",
            "display": "flex",
            "justifyContent": "center",
            "padding": "0.5rem",
          }
        }
        type="button"
      >
        <span
          aria-label="user"
          className="anticon anticon-user"
          role="img"
          style={
            Object {
              "fontSize": "1.25rem",
              "padding": "0.25rem",
            }
          }
          title="Spaces"
        >
          <svg
            aria-hidden="true"
            data-icon="user"
            fill="currentColor"
            focusable="false"
            height="1em"
            viewBox="64 64 896 896"
            width="1em"
          >
            <path
              d="M858.5 763.6a374 374 0 00-80.6-119.5 375.63 375.63 0 00-119.5-80.6c-.4-.2-.8-.3-1.2-.5C719.5 518 760 444.7 760 362c0-137-111-248-248-248S264 225 264 362c0 82.7 40.5 156 102.8 201.1-.4.2-.8.3-1.2.5-44.8 18.9-85 46-119.5 80.6a375.63 375.63 0 00-80.6 119.5A371.7 371.7 0 00136 901.8a8 8 0 008 8.2h60c4.4 0 7.9-3.5 8-7.8 2-77.2 33-149.5 87.8-204.3 56.7-56.7 132-87.9 212.2-87.9s155.5 31.2 212.2 87.9C779 752.7 810 825 812 902.2c.1 4.4 3.6 7.8 8 7.8h60a8 8 0 008-8.2c-1-47.8-10.9-94.3-29.5-138.2zM512 534c-45.9 0-89.1-17.9-121.6-50.4S340 407.9 340 362c0-45.9 17.9-89.1 50.4-121.6S466.1 190 512 190s89.1 17.9 121.6 50.4S684 316.1 684 362c0 45.9-17.9 89.1-50.4 121.6S557.9 534 512 534z"
            />
          </svg>
        </span>
        <span
          aria-label="down"
          className="anticon anticon-down"
          role="img"
          style={
            Object {
              "fontSize": "0.5rem",
              "marginLeft": "0.25rem",
            }
          }
        >
          <svg
            aria-hidden="true"
            data-icon="down"
            fill="currentColor"
            focusable="false"
            height="1em"
            viewBox="64 64 896 896"
            width="1em"
          >
            <path
              d="M884 256h-75c-5.1 0-9.9 2.5-12.9 6.6L512 654.2 227.9 262.6c-3-4.1-7.8-6.6-12.9-6.6h-75c-6.5 0-10.3 7.4-6.5 12.7l352.6 486.1c12.8 17.6 39 17.6 51.7 0l352.6-486.1c3.9-5.3.1-12.7-6.4-12.7z"
            />
          </svg>
        </span>
      </button>
    </div>
  </div>
</header>
`;
