mode: set
github.com/factly/dega-server/service/core/route.go:31.28,48.28 16 1
github.com/factly/dega-server/service/core/route.go:48.28,50.3 1 0
github.com/factly/dega-server/service/core/route.go:51.2,51.22 1 1
github.com/factly/dega-server/service/core/route.go:51.22,54.3 2 0
github.com/factly/dega-server/service/core/route.go:56.2,56.10 1 1
github.com/factly/dega-server/service/core/route.go:31.28,48.28 16 1
github.com/factly/dega-server/service/core/route.go:48.28,50.3 1 0
github.com/factly/dega-server/service/core/route.go:51.2,51.22 1 1
github.com/factly/dega-server/service/core/route.go:51.22,54.3 2 0
github.com/factly/dega-server/service/core/route.go:56.2,56.10 1 1
github.com/factly/dega-server/service/core/route.go:31.28,48.28 16 1
github.com/factly/dega-server/service/core/route.go:48.28,50.3 1 0
github.com/factly/dega-server/service/core/route.go:51.2,51.22 1 1
github.com/factly/dega-server/service/core/route.go:51.22,54.3 2 0
github.com/factly/dega-server/service/core/route.go:56.2,56.10 1 1
github.com/factly/dega-server/service/core/route.go:31.28,48.28 16 1
github.com/factly/dega-server/service/core/route.go:48.28,50.3 1 0
github.com/factly/dega-server/service/core/route.go:51.2,51.22 1 1
github.com/factly/dega-server/service/core/route.go:51.22,54.3 2 0
github.com/factly/dega-server/service/core/route.go:56.2,56.10 1 1
github.com/factly/dega-server/service/core/route.go:31.28,48.28 16 1
github.com/factly/dega-server/service/core/route.go:48.28,50.3 1 0
github.com/factly/dega-server/service/core/route.go:51.2,51.22 1 1
github.com/factly/dega-server/service/core/route.go:51.22,54.3 2 0
github.com/factly/dega-server/service/core/route.go:56.2,56.10 1 1
github.com/factly/dega-server/service/core/route.go:31.28,48.28 16 1
github.com/factly/dega-server/service/core/route.go:48.28,50.3 1 0
github.com/factly/dega-server/service/core/route.go:51.2,51.22 1 1
github.com/factly/dega-server/service/core/route.go:51.22,54.3 2 0
github.com/factly/dega-server/service/core/route.go:56.2,56.10 1 1
github.com/factly/dega-server/service/core/route.go:31.28,48.28 16 1
github.com/factly/dega-server/service/core/route.go:48.28,50.3 1 0
github.com/factly/dega-server/service/core/route.go:51.2,51.22 1 1
github.com/factly/dega-server/service/core/route.go:51.22,54.3 2 0
github.com/factly/dega-server/service/core/route.go:56.2,56.10 1 1
github.com/factly/dega-server/service/core/route.go:31.28,48.28 16 1
github.com/factly/dega-server/service/core/route.go:48.28,50.3 1 0
github.com/factly/dega-server/service/core/route.go:51.2,51.22 1 1
github.com/factly/dega-server/service/core/route.go:51.22,54.3 2 0
github.com/factly/dega-server/service/core/route.go:56.2,56.10 1 1
github.com/factly/dega-server/service/core/route.go:31.28,48.28 16 1
github.com/factly/dega-server/service/core/route.go:48.28,50.3 1 0
github.com/factly/dega-server/service/core/route.go:51.2,51.22 1 1
github.com/factly/dega-server/service/core/route.go:51.22,54.3 2 0
github.com/factly/dega-server/service/core/route.go:56.2,56.10 1 1
github.com/factly/dega-server/service/core/route.go:31.28,48.28 16 1
github.com/factly/dega-server/service/core/route.go:48.28,50.3 1 0
github.com/factly/dega-server/service/core/route.go:51.2,51.22 1 1
github.com/factly/dega-server/service/core/route.go:51.22,54.3 2 0
github.com/factly/dega-server/service/core/route.go:56.2,56.10 1 1
github.com/factly/dega-server/service/core/route.go:31.28,48.28 16 1
github.com/factly/dega-server/service/core/route.go:48.28,50.3 1 0
github.com/factly/dega-server/service/core/route.go:51.2,51.22 1 1
github.com/factly/dega-server/service/core/route.go:51.22,54.3 2 0
github.com/factly/dega-server/service/core/route.go:56.2,56.10 1 1
