// Jest Snapshot v1, https://goo.gl/fbAQLP

exports[`Factcheck claim list component snapshot testing should render the component 1`] = `
<ContextProvider
  value={
    Object {
      "store": Object {
        "clearActions": [Function],
        "dispatch": [Function],
        "getActions": [Function],
        "getState": [Function],
        "replaceReducer": [Function],
        "subscribe": [Function],
      },
      "subscription": Subscription {
        "handleChangeWrapper": [Function],
        "listeners": Object {
          "notify": [Function],
        },
        "onStateChange": [Function],
        "parentSub": undefined,
        "store": Object {
          "clearActions": [Function],
          "dispatch": [Function],
          "getActions": [Function],
          "getState": [Function],
          "replaceReducer": [Function],
          "subscribe": [Function],
        },
        "unsubscribe": null,
      },
    }
  }
>
  <BrowserRouter>
    <ClaimList
      claimOrder={
        Array [
          2,
          1,
        ]
      }
      details={
        Object {
          "1": Object {
            "checked_date": "2020-09-10T10:12:44Z",
            "claim": "No, these three IPS officers are not siblings, they are batch mates",
            "claim_date": "2020-09-02T10:12:41Z",
            "claim_sources": "",
            "claimant": "Facebook",
            "claimant_id": 1,
            "created_at": "2020-09-10T10:12:47.819677Z",
            "deleted_at": null,
            "description": Object {
              "blocks": Array [
                Object {
                  "data": Object {
                    "text": "Fact: The three people in the image are identified as Pooja Vashisth, Tushar Gupta and Shruta Kirti Somavanshi. All these three are IPS officers. They are batchmates but not siblings which was confirmed by Tushar when we reached out to him. Also, Somavanshi reiterated the same through an Instagram account called ‘upscmeme’ of which he is the admin. Hence the claim made in the post is FALSE.",
                  },
                  "type": "paragraph",
                },
              ],
              "time": 1599732752528,
              "version": "2.18.0",
            },
            "fact": "",
            "id": 1,
            "rating": "False",
            "rating_id": 1,
            "review_sources": "",
            "review_tag_line": "",
            "slug": "no-these-three-ips-officers-are-not-siblings-they-are-batch-mates",
            "space_id": 1,
            "updated_at": "2020-09-10T10:12:47.819677Z",
          },
          "2": Object {
            "checked_date": "2020-09-10T10:12:44Z",
            "claim": "No, these three IPS officers are not siblings, they are batch mates",
            "claim_sources": "",
            "claimant": "Facebook",
            "claimant_id": 1,
            "created_at": "2020-09-10T10:12:47.819677Z",
            "deleted_at": null,
            "description": Object {
              "blocks": Array [
                Object {
                  "data": Object {
                    "text": "Fact: The three people in the image are identified as Pooja Vashisth, Tushar Gupta and Shruta Kirti Somavanshi. All these three are IPS officers. They are batchmates but not siblings which was confirmed by Tushar when we reached out to him. Also, Somavanshi reiterated the same through an Instagram account called ‘upscmeme’ of which he is the admin. Hence the claim made in the post is FALSE.",
                  },
                  "type": "paragraph",
                },
              ],
              "time": 1599732752528,
              "version": "2.18.0",
            },
            "fact": "",
            "id": 2,
            "rating": "False",
            "rating_id": 1,
            "review_sources": "",
            "review_tag_line": "",
            "slug": "no-these-three-ips-officers-are-not-siblings-they-are-batch-mates",
            "space_id": 1,
            "updated_at": "2020-09-10T10:12:47.819677Z",
          },
          "3": Object {
            "checked_date": "2020-09-10T10:12:44Z",
            "claim": "No, these three IPS ",
            "claim_sources": "",
            "claimant": "Facebook",
            "claimant_id": 1,
            "created_at": "2020-09-10T10:12:47.819677Z",
            "deleted_at": null,
            "description": Object {
              "blocks": Array [
                Object {
                  "data": Object {
                    "text": "Fact: The three people in the image are identified as Pooja Vashisth, Tushar Gupta and Shruta Kirti Somavanshi. All these three are IPS officers. They are batchmates but not siblings which was confirmed by Tushar when we reached out to him. Also, Somavanshi reiterated the same through an Instagram account called ‘upscmeme’ of which he is the admin. Hence the claim made in the post is FALSE.",
                  },
                  "type": "paragraph",
                },
              ],
              "time": 1599732752528,
              "version": "2.18.0",
            },
            "fact": "",
            "id": 3,
            "rating": "False",
            "rating_id": 1,
            "review_sources": "",
            "review_tag_line": "",
            "slug": "no-these-three-ips",
            "space_id": 1,
            "updated_at": "2020-09-10T10:12:47.819677Z",
          },
        }
      }
      ids={
        Array [
          1,
          2,
        ]
      }
      setClaimID={[MockFunction]}
      setClaimOrder={[MockFunction]}
      showModal={[MockFunction]}
    />
  </BrowserRouter>
</ContextProvider>
`;
