// Jest Snapshot v1, https://goo.gl/fbAQLP

exports[`Page Edit component snapshot testing should match skeleton while loading 1`] = `
<Provider
  store={
    Object {
      "clearActions": [Function],
      "dispatch": [Function],
      "getActions": [Function],
      "getState": [Function],
      "replaceReducer": [Function],
      "subscribe": [Function],
    }
  }
>
  <BrowserRouter>
    <Router
      history={
        Object {
          "action": "POP",
          "block": [Function],
          "createHref": [Function],
          "go": [Function],
          "goBack": [Function],
          "goForward": [Function],
          "length": 1,
          "listen": [Function],
          "location": Object {
            "hash": "",
            "pathname": "/",
            "search": "",
            "state": undefined,
          },
          "push": [Function],
          "replace": [Function],
        }
      }
    >
      <EditPage
        formats={
          Object {
            "article": Object {
              "id": 1,
              "name": "article",
              "slug": "article",
            },
            "factcheck": Object {
              "id": 2,
              "name": "factcheck",
              "slug": "fact-check",
            },
            "loading": false,
          }
        }
      >
        <Skeleton
          avatar={false}
          paragraph={true}
          title={true}
        >
          <div
            className="ant-skeleton"
          >
            <div
              className="ant-skeleton-content"
            >
              <Title
                prefixCls="ant-skeleton-title"
                width="38%"
              >
                <h3
                  className="ant-skeleton-title"
                  style={
                    Object {
                      "width": "38%",
                    }
                  }
                />
              </Title>
              <Paragraph
                prefixCls="ant-skeleton-paragraph"
                rows={3}
                width="61%"
              >
                <ul
                  className="ant-skeleton-paragraph"
                >
                  <li
                    key="0"
                    style={
                      Object {
                        "width": undefined,
                      }
                    }
                  />
                  <li
                    key="1"
                    style={
                      Object {
                        "width": undefined,
                      }
                    }
                  />
                  <li
                    key="2"
                    style={
                      Object {
                        "width": "61%",
                      }
                    }
                  />
                </ul>
              </Paragraph>
            </div>
          </div>
        </Skeleton>
      </EditPage>
    </Router>
  </BrowserRouter>
</Provider>
`;

exports[`Page Edit component snapshot testing should render the component 1`] = `
<ContextProvider
  value={
    Object {
      "store": Object {
        "clearActions": [Function],
        "dispatch": [MockFunction],
        "getActions": [Function],
        "getState": [Function],
        "replaceReducer": [Function],
        "subscribe": [Function],
      },
      "subscription": Subscription {
        "handleChangeWrapper": [Function],
        "listeners": Object {
          "notify": [Function],
        },
        "onStateChange": [Function],
        "parentSub": undefined,
        "store": Object {
          "clearActions": [Function],
          "dispatch": [MockFunction],
          "getActions": [Function],
          "getState": [Function],
          "replaceReducer": [Function],
          "subscribe": [Function],
        },
        "unsubscribe": null,
      },
    }
  }
>
  <EditPage
    formats={
      Object {
        "article": Object {
          "id": 1,
          "name": "article",
          "slug": "article",
        },
        "factcheck": Object {
          "id": 2,
          "name": "factcheck",
          "slug": "fact-check",
        },
        "loading": false,
      }
    }
  />
</ContextProvider>
`;
